// Vitest Snapshot v1, https://vitest.dev/guide/snapshot.html

exports[`visual-diff/3d — ceiling (front) > emits a non-empty serialised payload 1`] = `"{"camera":"front","primitives":[{"elementId":"ceiling-0000","family":"ceiling","translation":{"x":0,"y":0,"z":0},"rotation":{"x":0,"y":0,"z":0},"dimensions":{"x":6,"y":0.1,"z":6},"materialId":"pryzm.material.ceiling.default","renderOrder":2},{"elementId":"ceiling-0001","family":"ceiling","translation":{"x":6.2,"y":0,"z":0},"rotation":{"x":0,"y":0,"z":0},"dimensions":{"x":6,"y":0.1,"z":6},"materialId":"pryzm.material.ceiling.default","renderOrder":2},{"elementId":"ceiling-0002","family":"ceiling","translation":{"x":12.4,"y":0,"z":0},"rotation":{"x":0,"y":0,"z":0},"dimensions":{"x":6,"y":0.1,"z":6},"materialId":"pryzm.material.ceiling.default","renderOrder":2},{"elementId":"ceiling-0003","family":"ceiling","translation":{"x":18.6,"y":0,"z":0},"rotation":{"x":0,"y":0,"z":0},"dimensions":{"x":6,"y":0.1,"z":6},"materialId":"pryzm.material.ceiling.default","renderOrder":2}]}"`;
