// Vitest Snapshot v1, https://vitest.dev/guide/snapshot.html

exports[`visual-diff/3d — floor (front) > emits a non-empty serialised payload 1`] = `"{"camera":"front","primitives":[{"elementId":"floor-0000","family":"floor","translation":{"x":0,"y":0,"z":0},"rotation":{"x":0,"y":0,"z":0},"dimensions":{"x":6,"y":0.2,"z":6},"materialId":"pryzm.material.floor.default","renderOrder":0},{"elementId":"floor-0001","family":"floor","translation":{"x":6.2,"y":0,"z":0},"rotation":{"x":0,"y":0,"z":0},"dimensions":{"x":6,"y":0.2,"z":6},"materialId":"pryzm.material.floor.default","renderOrder":0},{"elementId":"floor-0002","family":"floor","translation":{"x":12.4,"y":0,"z":0},"rotation":{"x":0,"y":0,"z":0},"dimensions":{"x":6,"y":0.2,"z":6},"materialId":"pryzm.material.floor.default","renderOrder":0},{"elementId":"floor-0003","family":"floor","translation":{"x":18.6,"y":0,"z":0},"rotation":{"x":0,"y":0,"z":0},"dimensions":{"x":6,"y":0.2,"z":6},"materialId":"pryzm.material.floor.default","renderOrder":0}]}"`;
