// Vitest Snapshot v1, https://vitest.dev/guide/snapshot.html

exports[`visual-diff/3d — ramp (iso) > emits a non-empty serialised payload 1`] = `"{"camera":"iso","primitives":[{"elementId":"ramp-0000","family":"ramp","translation":{"x":0,"y":0,"z":0},"rotation":{"x":0,"y":0,"z":0},"dimensions":{"x":1.5,"y":1,"z":4},"materialId":"pryzm.material.ramp.default","renderOrder":3},{"elementId":"ramp-0001","family":"ramp","translation":{"x":1.7,"y":0,"z":0},"rotation":{"x":0,"y":0,"z":0},"dimensions":{"x":1.5,"y":1,"z":4},"materialId":"pryzm.material.ramp.default","renderOrder":3}]}"`;
