// Vitest Snapshot v1, https://vitest.dev/guide/snapshot.html

exports[`visual-diff/3d — roof (front) > emits a non-empty serialised payload 1`] = `"{"camera":"front","primitives":[{"elementId":"roof-0000","family":"roof","translation":{"x":0,"y":0,"z":0},"rotation":{"x":0,"y":0,"z":0},"dimensions":{"x":6,"y":0.5,"z":6},"materialId":"pryzm.material.roof.default","renderOrder":1},{"elementId":"roof-0001","family":"roof","translation":{"x":6.2,"y":0,"z":0},"rotation":{"x":0,"y":0,"z":0},"dimensions":{"x":6,"y":0.5,"z":6},"materialId":"pryzm.material.roof.default","renderOrder":1},{"elementId":"roof-0002","family":"roof","translation":{"x":12.4,"y":0,"z":0},"rotation":{"x":0,"y":0,"z":0},"dimensions":{"x":6,"y":0.5,"z":6},"materialId":"pryzm.material.roof.default","renderOrder":1},{"elementId":"roof-0003","family":"roof","translation":{"x":18.6,"y":0,"z":0},"rotation":{"x":0,"y":0,"z":0},"dimensions":{"x":6,"y":0.5,"z":6},"materialId":"pryzm.material.roof.default","renderOrder":1}]}"`;
