// Vitest Snapshot v1, https://vitest.dev/guide/snapshot.html

exports[`visual-diff/3d — wall (iso) > emits a non-empty serialised payload 1`] = `"{"camera":"iso","primitives":[{"elementId":"wall-0000","family":"wall","translation":{"x":0,"y":0,"z":0},"rotation":{"x":0,"y":0,"z":0},"dimensions":{"x":4,"y":3,"z":0.2},"materialId":"pryzm.material.wall.default","renderOrder":5},{"elementId":"wall-0001","family":"wall","translation":{"x":4.2,"y":0,"z":0},"rotation":{"x":0,"y":0,"z":0},"dimensions":{"x":4,"y":3,"z":0.2},"materialId":"pryzm.material.wall.default","renderOrder":5},{"elementId":"wall-0002","family":"wall","translation":{"x":8.4,"y":0,"z":0},"rotation":{"x":0,"y":0,"z":0},"dimensions":{"x":4,"y":3,"z":0.2},"materialId":"pryzm.material.wall.default","renderOrder":5},{"elementId":"wall-0003","family":"wall","translation":{"x":12.600000000000001,"y":0,"z":0},"rotation":{"x":0,"y":0,"z":0},"dimensions":{"x":4,"y":3,"z":0.2},"materialId":"pryzm.material.wall.default","renderOrder":5}]}"`;
