// Vitest Snapshot v1, https://vitest.dev/guide/snapshot.html

exports[`visual-diff/3d — window (front) > emits a non-empty serialised payload 1`] = `"{"camera":"front","primitives":[{"elementId":"window-0000","family":"window","translation":{"x":0,"y":0,"z":0},"rotation":{"x":0,"y":0,"z":0},"dimensions":{"x":1.2,"y":1.4,"z":0.05},"materialId":"pryzm.material.window.default","renderOrder":9},{"elementId":"window-0001","family":"window","translation":{"x":1.4,"y":0,"z":0},"rotation":{"x":0,"y":0,"z":0},"dimensions":{"x":1.2,"y":1.4,"z":0.05},"materialId":"pryzm.material.window.default","renderOrder":9},{"elementId":"window-0002","family":"window","translation":{"x":2.8,"y":0,"z":0},"rotation":{"x":0,"y":0,"z":0},"dimensions":{"x":1.2,"y":1.4,"z":0.05},"materialId":"pryzm.material.window.default","renderOrder":9}]}"`;
